axi_master_if.v:276: warning: Port 3 (ram_address) of module axi_ram expects 32 bit(s), given 7.
axi_master_if.v:276:        : Padding 25 high bits of the port.
tb_axi_interconnect.v:165: warning: Port 3 (m_address_memory) of module axi_master_if expects 7 bit(s), given 5.
tb_axi_interconnect.v:165:        : Padding 2 high bits of the port.
tb_axi_interconnect.v:165: warning: Port 9 (r_set_addr_memory) of module axi_master_if expects 7 bit(s), given 5.
tb_axi_interconnect.v:165:        : Padding 2 high bits of the port.
tb_axi_interconnect.v:165: warning: Port 15 (w_set_addr_memory) of module axi_master_if expects 7 bit(s), given 5.
tb_axi_interconnect.v:165:        : Padding 2 high bits of the port.
tb_axi_interconnect.v:165: warning: Port 24 (m_AWLEN_o) of module axi_master_if expects 8 bit(s), given 3.
tb_axi_interconnect.v:165:        : Padding 5 high bits of the port.
tb_axi_interconnect.v:165: warning: Port 39 (m_ARLEN_o) of module axi_master_if expects 8 bit(s), given 3.
tb_axi_interconnect.v:165:        : Padding 5 high bits of the port.
axi_master_if.v:276: warning: Port 3 (ram_address) of module axi_ram expects 32 bit(s), given 7.
axi_master_if.v:276:        : Padding 25 high bits of the port.
tb_axi_interconnect.v:165: warning: Port 3 (m_address_memory) of module axi_master_if expects 7 bit(s), given 5.
tb_axi_interconnect.v:165:        : Padding 2 high bits of the port.
tb_axi_interconnect.v:165: warning: Port 9 (r_set_addr_memory) of module axi_master_if expects 7 bit(s), given 5.
tb_axi_interconnect.v:165:        : Padding 2 high bits of the port.
tb_axi_interconnect.v:165: warning: Port 15 (w_set_addr_memory) of module axi_master_if expects 7 bit(s), given 5.
tb_axi_interconnect.v:165:        : Padding 2 high bits of the port.
tb_axi_interconnect.v:165: warning: Port 24 (m_AWLEN_o) of module axi_master_if expects 8 bit(s), given 3.
tb_axi_interconnect.v:165:        : Padding 5 high bits of the port.
tb_axi_interconnect.v:165: warning: Port 39 (m_ARLEN_o) of module axi_master_if expects 8 bit(s), given 3.
tb_axi_interconnect.v:165:        : Padding 5 high bits of the port.
axi_slave_if.v:130: warning: Port 3 (ram_address) of module axi_ram expects 32 bit(s), given 7.
axi_slave_if.v:130:        : Padding 25 high bits of the port.
tb_axi_interconnect.v:232: warning: Port 3 (s_address_memory) of module axi_slave_if expects 7 bit(s), given 6.
tb_axi_interconnect.v:232:        : Padding 1 high bits of the port.
tb_axi_interconnect.v:232: warning: Port 11 (s_AWLEN_i) of module axi_slave_if expects 8 bit(s), given 3.
tb_axi_interconnect.v:232:        : Padding 5 high bits of the port.
tb_axi_interconnect.v:232: warning: Port 27 (s_ARLEN_i) of module axi_slave_if expects 8 bit(s), given 3.
tb_axi_interconnect.v:232:        : Padding 5 high bits of the port.
axi_slave_if.v:130: warning: Port 3 (ram_address) of module axi_ram expects 32 bit(s), given 7.
axi_slave_if.v:130:        : Padding 25 high bits of the port.
tb_axi_interconnect.v:232: warning: Port 3 (s_address_memory) of module axi_slave_if expects 7 bit(s), given 6.
tb_axi_interconnect.v:232:        : Padding 1 high bits of the port.
tb_axi_interconnect.v:232: warning: Port 11 (s_AWLEN_i) of module axi_slave_if expects 8 bit(s), given 3.
tb_axi_interconnect.v:232:        : Padding 5 high bits of the port.
tb_axi_interconnect.v:232: warning: Port 27 (s_ARLEN_i) of module axi_slave_if expects 8 bit(s), given 3.
tb_axi_interconnect.v:232:        : Padding 5 high bits of the port.
axi_slave_if.v:130: warning: Port 3 (ram_address) of module axi_ram expects 32 bit(s), given 7.
axi_slave_if.v:130:        : Padding 25 high bits of the port.
tb_axi_interconnect.v:232: warning: Port 3 (s_address_memory) of module axi_slave_if expects 7 bit(s), given 6.
tb_axi_interconnect.v:232:        : Padding 1 high bits of the port.
tb_axi_interconnect.v:232: warning: Port 11 (s_AWLEN_i) of module axi_slave_if expects 8 bit(s), given 3.
tb_axi_interconnect.v:232:        : Padding 5 high bits of the port.
tb_axi_interconnect.v:232: warning: Port 27 (s_ARLEN_i) of module axi_slave_if expects 8 bit(s), given 3.
tb_axi_interconnect.v:232:        : Padding 5 high bits of the port.
